// Jest Snapshot v1, https://goo.gl/fbAQLP

exports[`remove debugger statements 1`] = `
"function test() {
  const a = 5;
  const b = 6;
}"
`;
